// Jest Snapshot v1, https://goo.gl/fbAQLP

exports[`AppComponent snap shot test 1`] = `
<div
  id="root2"
>
  <h2>
    snap shot test!!!
  </h2>
</div>
`;
